// Jest Snapshot v1, https://goo.gl/fbAQLP

exports[`StackBar chart matches StackBar snapshot 1`] = `
"<svg width=\\"400\\" height=\\"400\\" xmlns=\\"http://www.w3.org/2000/svg\\" xmlns:xlink=\\"http://www.w3.org/1999/xlink\\" version=\\"1.1\\" baseProfile=\\"full\\" viewBox=\\"0 0 400 400\\">
<rect width=\\"400\\" height=\\"400\\" x=\\"0\\" y=\\"0\\" fill=\\"none\\"></rect>
<path d=\\"M44.16 340.5L384 340.5\\" fill=\\"transparent\\" stroke=\\"#E0E6F1\\" class=\\"zr3-cls-0\\"></path>
<path d=\\"M44.16 292.5L384 292.5\\" fill=\\"transparent\\" stroke=\\"#E0E6F1\\" class=\\"zr3-cls-0\\"></path>
<path d=\\"M44.16 244.5L384 244.5\\" fill=\\"transparent\\" stroke=\\"#E0E6F1\\" class=\\"zr3-cls-0\\"></path>
<path d=\\"M44.16 196.5L384 196.5\\" fill=\\"transparent\\" stroke=\\"#E0E6F1\\" class=\\"zr3-cls-0\\"></path>
<path d=\\"M44.16 148.5L384 148.5\\" fill=\\"transparent\\" stroke=\\"#E0E6F1\\" class=\\"zr3-cls-0\\"></path>
<path d=\\"M44.16 100.5L384 100.5\\" fill=\\"transparent\\" stroke=\\"#E0E6F1\\" class=\\"zr3-cls-0\\"></path>
<text dominant-baseline=\\"central\\" text-anchor=\\"middle\\" style=\\"font-size:12px;font-family:sans-serif;font-weight:bold;\\" y=\\"-6\\" transform=\\"translate(44.16 80)\\" fill=\\"#000\\">Values</text>
<path d=\\"M44.16 340.5L384 340.5\\" fill=\\"transparent\\" stroke=\\"#000\\" stroke-linecap=\\"round\\" class=\\"zr3-cls-0\\"></path>
<text dominant-baseline=\\"central\\" text-anchor=\\"middle\\" style=\\"font-size:12px;font-family:sans-serif;font-weight:bold;\\" y=\\"6\\" transform=\\"translate(214.08 385)\\" fill=\\"#000\\">Categories</text>
<path d=\\"M44.5 340L44.5 345\\" fill=\\"transparent\\" stroke=\\"#000\\" class=\\"zr3-cls-0\\"></path>
<path d=\\"M214.5 340L214.5 345\\" fill=\\"transparent\\" stroke=\\"#000\\" class=\\"zr3-cls-0\\"></path>
<path d=\\"M384.5 340L384.5 345\\" fill=\\"transparent\\" stroke=\\"#000\\" class=\\"zr3-cls-0\\"></path>
<text dominant-baseline=\\"central\\" text-anchor=\\"end\\" style=\\"font-size:12px;font-family:sans-serif;\\" transform=\\"translate(36.16 340)\\" fill=\\"#000\\">0</text>
<text dominant-baseline=\\"central\\" text-anchor=\\"end\\" style=\\"font-size:12px;font-family:sans-serif;\\" transform=\\"translate(36.16 292)\\" fill=\\"#000\\">50</text>
<text dominant-baseline=\\"central\\" text-anchor=\\"end\\" style=\\"font-size:12px;font-family:sans-serif;\\" transform=\\"translate(36.16 244)\\" fill=\\"#000\\">100</text>
<text dominant-baseline=\\"central\\" text-anchor=\\"end\\" style=\\"font-size:12px;font-family:sans-serif;\\" transform=\\"translate(36.16 196)\\" fill=\\"#000\\">150</text>
<text dominant-baseline=\\"central\\" text-anchor=\\"end\\" style=\\"font-size:12px;font-family:sans-serif;\\" transform=\\"translate(36.16 148)\\" fill=\\"#000\\">200</text>
<text dominant-baseline=\\"central\\" text-anchor=\\"end\\" style=\\"font-size:12px;font-family:sans-serif;\\" transform=\\"translate(36.16 100)\\" fill=\\"#000\\">250</text>
<text dominant-baseline=\\"central\\" text-anchor=\\"middle\\" style=\\"font-size:12px;font-family:sans-serif;\\" xml:space=\\"preserve\\" y=\\"6\\" transform=\\"translate(86.64 348)\\" fill=\\"#000\\">Matcha Latte</text>
<text dominant-baseline=\\"central\\" text-anchor=\\"middle\\" style=\\"font-size:12px;font-family:sans-serif;\\" xml:space=\\"preserve\\" y=\\"6\\" transform=\\"translate(256.56 348)\\" fill=\\"#000\\">Cheese Cocoa</text>
<path d=\\"M57.3288 340l58.6224 0l0 0l-58.6224 0Z\\" fill=\\"#4475B4\\" class=\\"zr3-cls-1 zr3-cls-2\\"></path>
<path d=\\"M142.2888 340l58.6224 0l0 0l-58.6224 0Z\\" fill=\\"#4475B4\\" class=\\"zr3-cls-3 zr3-cls-2\\"></path>
<path d=\\"M227.2488 340l58.6224 0l0 0l-58.6224 0Z\\" fill=\\"#4475B4\\" class=\\"zr3-cls-4 zr3-cls-2\\"></path>
<path d=\\"M312.2088 340l58.6224 0l0 0l-58.6224 0Z\\" fill=\\"#4475B4\\" class=\\"zr3-cls-5 zr3-cls-2\\"></path>
<path d=\\"M57.3288 298.432l58.6224 0l0 0l-58.6224 0Z\\" fill=\\"#73ADD1\\" class=\\"zr3-cls-6 zr3-cls-7\\"></path>
<path d=\\"M142.2888 260.224l58.6224 0l0 0l-58.6224 0Z\\" fill=\\"#73ADD1\\" class=\\"zr3-cls-8 zr3-cls-7\\"></path>
<path d=\\"M227.2488 257.056l58.6224 0l0 0l-58.6224 0Z\\" fill=\\"#73ADD1\\" class=\\"zr3-cls-9 zr3-cls-7\\"></path>
<path d=\\"M312.2088 270.496l58.6224 0l0 0l-58.6224 0Z\\" fill=\\"#73ADD1\\" class=\\"zr3-cls-10 zr3-cls-7\\"></path>
<path d=\\"M57.3288 216.064l58.6224 0l0 0l-58.6224 0Z\\" fill=\\"#AAD9E8\\" class=\\"zr3-cls-11 zr3-cls-12\\"></path>
<path d=\\"M142.2888 189.76l58.6224 0l0 0l-58.6224 0Z\\" fill=\\"#AAD9E8\\" class=\\"zr3-cls-13 zr3-cls-12\\"></path>
<path d=\\"M227.2488 194.464l58.6224 0l0 0l-58.6224 0Z\\" fill=\\"#AAD9E8\\" class=\\"zr3-cls-14 zr3-cls-12\\"></path>
<path d=\\"M312.2088 218.752l58.6224 0l0 0l-58.6224 0Z\\" fill=\\"#AAD9E8\\" class=\\"zr3-cls-15 zr3-cls-12\\"></path>
<path d=\\"M-5 -5l184.14 0l0 24l-184.14 0Z\\" transform=\\"translate(112.93 40)\\" fill=\\"rgb(0,0,0)\\" fill-opacity=\\"0\\" stroke=\\"#ccc\\" stroke-width=\\"0\\" class=\\"zr3-cls-0\\"></path>
<path d=\\"M19.5 7A7 7 0 1 1 19.5 6.9993\\" transform=\\"translate(107.43 40)\\" fill=\\"#4475B4\\" class=\\"zr3-cls-0\\"></path>
<text dominant-baseline=\\"central\\" text-anchor=\\"start\\" style=\\"font-size:12px;font-family:sans-serif;\\" x=\\"30\\" y=\\"7\\" transform=\\"translate(107.43 40)\\" fill=\\"#333\\">2015</text>
<path d=\\"M5.5 0l51.38 0l0 14l-51.38 0Z\\" transform=\\"translate(107.43 40)\\" fill=\\"transparent\\" class=\\"zr3-cls-16\\"></path>
<path d=\\"M19.5 7A7 7 0 1 1 19.5 6.9993\\" transform=\\"translate(168.81 40)\\" fill=\\"#73ADD1\\" class=\\"zr3-cls-0\\"></path>
<text dominant-baseline=\\"central\\" text-anchor=\\"start\\" style=\\"font-size:12px;font-family:sans-serif;\\" x=\\"30\\" y=\\"7\\" transform=\\"translate(168.81 40)\\" fill=\\"#333\\">2016</text>
<path d=\\"M5.5 0l51.38 0l0 14l-51.38 0Z\\" transform=\\"translate(168.81 40)\\" fill=\\"transparent\\" class=\\"zr3-cls-16\\"></path>
<path d=\\"M19.5 7A7 7 0 1 1 19.5 6.9993\\" transform=\\"translate(230.19 40)\\" fill=\\"#AAD9E8\\" class=\\"zr3-cls-0\\"></path>
<text dominant-baseline=\\"central\\" text-anchor=\\"start\\" style=\\"font-size:12px;font-family:sans-serif;\\" x=\\"30\\" y=\\"7\\" transform=\\"translate(230.19 40)\\" fill=\\"#333\\">2017</text>
<path d=\\"M5.5 0l51.38 0l0 14l-51.38 0Z\\" transform=\\"translate(230.19 40)\\" fill=\\"transparent\\" class=\\"zr3-cls-16\\"></path>
<path d=\\"M-81.86 -5l163.72 0l0 24l-163.72 0Z\\" transform=\\"translate(205 5)\\" fill=\\"rgb(0,0,0)\\" fill-opacity=\\"0\\" stroke=\\"#ccc\\" stroke-width=\\"0\\" class=\\"zr3-cls-0\\"></path>
<text dominant-baseline=\\"central\\" text-anchor=\\"middle\\" style=\\"font-size:14px;font-family:sans-serif;font-weight:bold;\\" xml:space=\\"preserve\\" y=\\"7\\" transform=\\"translate(205 5)\\" fill=\\"#000\\">StackBar Chart Example</text>
<style ><![CDATA[
.zr3-cls-0:hover {
pointer-events:none;
}
.zr3-cls-1 {
animation:zr3-ani-0 1s cubic-bezier(0.33,1,0.68,1) both;
}
.zr3-cls-2:hover {
cursor:pointer;
fill:rgba(74,128,198,1);
}
.zr3-cls-3 {
animation:zr3-ani-1 1s cubic-bezier(0.33,1,0.68,1) both;
}
.zr3-cls-4 {
animation:zr3-ani-2 1s cubic-bezier(0.33,1,0.68,1) both;
}
.zr3-cls-5 {
animation:zr3-ani-3 1s cubic-bezier(0.33,1,0.68,1) both;
}
.zr3-cls-6 {
animation:zr3-ani-4 1s cubic-bezier(0.33,1,0.68,1) both;
}
.zr3-cls-7:hover {
cursor:pointer;
fill:rgba(126,190,229,1);
}
.zr3-cls-8 {
animation:zr3-ani-5 1s cubic-bezier(0.33,1,0.68,1) both;
}
.zr3-cls-9 {
animation:zr3-ani-6 1s cubic-bezier(0.33,1,0.68,1) both;
}
.zr3-cls-10 {
animation:zr3-ani-7 1s cubic-bezier(0.33,1,0.68,1) both;
}
.zr3-cls-11 {
animation:zr3-ani-8 1s cubic-bezier(0.33,1,0.68,1) both;
}
.zr3-cls-12:hover {
cursor:pointer;
fill:rgba(187,238,255,1);
}
.zr3-cls-13 {
animation:zr3-ani-9 1s cubic-bezier(0.33,1,0.68,1) both;
}
.zr3-cls-14 {
animation:zr3-ani-10 1s cubic-bezier(0.33,1,0.68,1) both;
}
.zr3-cls-15 {
animation:zr3-ani-11 1s cubic-bezier(0.33,1,0.68,1) both;
}
.zr3-cls-16:hover {
cursor:pointer;
fill:rgba(0,0,0,0);
}
@keyframes zr3-ani-0 {
0% {
d:path(\\"M57.3 340l58.6 0l0 0l-58.6 0Z\\");
}
100% {
d:path(\\"M57.3 340l58.6 0l0 -41.6l-58.6 0Z\\");
}
}
@keyframes zr3-ani-1 {
0% {
d:path(\\"M142.3 340l58.6 0l0 0l-58.6 0Z\\");
}
100% {
d:path(\\"M142.3 340l58.6 0l0 -79.8l-58.6 0Z\\");
}
}
@keyframes zr3-ani-2 {
0% {
d:path(\\"M227.2 340l58.6 0l0 0l-58.6 0Z\\");
}
100% {
d:path(\\"M227.2 340l58.6 0l0 -82.9l-58.6 0Z\\");
}
}
@keyframes zr3-ani-3 {
0% {
d:path(\\"M312.2 340l58.6 0l0 0l-58.6 0Z\\");
}
100% {
d:path(\\"M312.2 340l58.6 0l0 -69.5l-58.6 0Z\\");
}
}
@keyframes zr3-ani-4 {
0% {
d:path(\\"M57.3 298.4l58.6 0l0 0l-58.6 0Z\\");
}
100% {
d:path(\\"M57.3 298.4l58.6 0l0 -82.4l-58.6 0Z\\");
}
}
@keyframes zr3-ani-5 {
0% {
d:path(\\"M142.3 260.2l58.6 0l0 0l-58.6 0Z\\");
}
100% {
d:path(\\"M142.3 260.2l58.6 0l0 -70.5l-58.6 0Z\\");
}
}
@keyframes zr3-ani-6 {
0% {
d:path(\\"M227.2 257.1l58.6 0l0 0l-58.6 0Z\\");
}
100% {
d:path(\\"M227.2 257.1l58.6 0l0 -62.6l-58.6 0Z\\");
}
}
@keyframes zr3-ani-7 {
0% {
d:path(\\"M312.2 270.5l58.6 0l0 0l-58.6 0Z\\");
}
100% {
d:path(\\"M312.2 270.5l58.6 0l0 -51.7l-58.6 0Z\\");
}
}
@keyframes zr3-ani-8 {
0% {
d:path(\\"M57.3 216.1l58.6 0l0 0l-58.6 0Z\\");
}
100% {
d:path(\\"M57.3 216.1l58.6 0l0 -90l-58.6 0Z\\");
}
}
@keyframes zr3-ani-9 {
0% {
d:path(\\"M142.3 189.8l58.6 0l0 0l-58.6 0Z\\");
}
100% {
d:path(\\"M142.3 189.8l58.6 0l0 -52.9l-58.6 0Z\\");
}
}
@keyframes zr3-ani-10 {
0% {
d:path(\\"M227.2 194.5l58.6 0l0 0l-58.6 0Z\\");
}
100% {
d:path(\\"M227.2 194.5l58.6 0l0 -79.2l-58.6 0Z\\");
}
}
@keyframes zr3-ani-11 {
0% {
d:path(\\"M312.2 218.8l58.6 0l0 0l-58.6 0Z\\");
}
100% {
d:path(\\"M312.2 218.8l58.6 0l0 -37.5l-58.6 0Z\\");
}
}
]]>

</style>
</svg>"
`;
